docker-compose : time="2026-03-28T18:56:48-03:00" level=warning 
msg="C:\\dev\\LeadNew\\src\\docker-compose.yaml: the attribute `version` is obsolete, 
it will be ignored, please remove it to avoid potential confusion"
No linha:1 caractere:9
+ cd src; docker-compose build > build_output.txt 2>&1; cat build_outpu ...
+         ~~~~~~~~~~~~~~~~~~~~~~~~~~~~~~~~~~~~~~~~~~~~
    + CategoryInfo          : NotSpecified: (time="2026-03-2...tial confusion":String)  
   [], RemoteException
    + FullyQualifiedErrorId : NativeCommandError
 
 Image chatwoot-rails:development Building 
 Image chatwoot-vite:development Building 
 Image chatwoot:development Building 
 Image chatwoot-rails:development Building 
#1 [internal] load local bake definitions
#1 reading from stdin 2.14kB 0.0s done
#1 DONE 0.0s

#2 [sidekiq internal] load build definition from Dockerfile
#2 transferring dockerfile: 4.64kB 0.0s done
#2 WARN: FromAsCasing: 'as' and 'FROM' keywords' casing do not match (line 2)
#2 WARN: FromAsCasing: 'as' and 'FROM' keywords' casing do not match (line 2)
#2 DONE 0.0s

#3 [vite internal] load build definition from vite.Dockerfile
#3 transferring dockerfile: 226B 0.0s done
#3 DONE 0.0s

#4 [rails internal] load build definition from rails.Dockerfile
#4 transferring dockerfile: 257B 0.0s done
#4 DONE 0.1s

#5 [rails internal] load metadata for docker.io/library/chatwoot:development
#5 ...

#6 [auth] library/chatwoot:pull token for registry-1.docker.io
#6 DONE 0.0s

#7 [sidekiq internal] load metadata for docker.io/library/ruby:3.4.4-alpine3.21
#7 ...

#5 [rails internal] load metadata for docker.io/library/chatwoot:development
#5 ERROR: pull access denied, repository does not exist or may require authorization: server message: insufficient_scope: authorization failed

#7 [base internal] load metadata for docker.io/library/ruby:3.4.4-alpine3.21
#7 CANCELED

#8 [base internal] load metadata for docker.io/library/node:24-alpine
#8 CANCELED
------
 > [rails internal] load metadata for docker.io/library/chatwoot:development:
------
rails.Dockerfile:1

--------------------

   1 | >>> FROM chatwoot:development

   2 |     

   3 |     ENV PNPM_HOME="/root/.local/share/pnpm"

--------------------

target rails: failed to solve: chatwoot:development: failed to resolve source metadata 
for docker.io/library/chatwoot:development: pull access denied, repository does not 
exist or may require authorization: server message: insufficient_scope: authorization 
failed

